--------------------------------------------------------------------------
A system call failed during shared memory initialization that should
not have.  It is likely that your MPI job will now either abort or
experience performance degradation.

  Local host:  cuda3
  System call: unlink(2) /dev/shm/vader_segment.cuda3.1009.13da0001.17
  Error:       No such file or directory (errno 2)
--------------------------------------------------------------------------
[cuda3:273774] 23 more processes have sent help message help-opal-shmem-mmap.txt / sys call fail
[cuda3:273774] Set MCA parameter "orte_base_help_aggregate" to 0 to see all help / error messages
