cp: preserving permissions for ‘/local/scratch/mehlhorn/62069/JOBLOG’: Operation not supported
cp: preserving permissions for ‘/local/scratch/mehlhorn/62069/orca.job’: Operation not supported
cp: preserving permissions for ‘/local/scratch/mehlhorn/62069/run.inp’: Operation not supported
