
     Program epsilon v.7.3.1 starts on  2Jul2025 at 14:18:50 

     This program is part of the open-source Quantum ESPRESSO suite
     for quantum simulation of materials; please cite
         "P. Giannozzi et al., J. Phys.:Condens. Matter 21 395502 (2009);
         "P. Giannozzi et al., J. Phys.:Condens. Matter 29 465901 (2017);
         "P. Giannozzi et al., J. Chem. Phys. 152 154105 (2020);
          URL http://www.quantum-espresso.org", 
     in publications or presentations arising from this work. More details at
     http://www.quantum-espresso.org/quote

     Parallel version (MPI), running on    16 processors

     MPI processes distributed on     1 nodes
     R & G space division:  proc/nbgrp/npool/nimage =      16
     61632 MiB available memory on the printing compute node when the environment starts



     Reading input file...
     Broadcasting variables...
     Reading PW restart file...

     Reading xml data from directory:

     ./pwscf.save/
     Message from routine qes_read:outputType:
     total_energy: wrong number of occurrences
     Message from routine qes_read:outputType:
     band_structure: wrong number of occurrences
     Message from routine qexsd_readschema :
     error reading output_obj of xsd data file

 %%%%%%%%%%%%%%%%%%%%%%%%%%%%%%%%%%%%%%%%%%%%%%%%%%%%%%%%%%%%%%%%%%%%%%%%%%%%%%
     Error in routine read_xml_file (4):
     fatal error reading xml file
 %%%%%%%%%%%%%%%%%%%%%%%%%%%%%%%%%%%%%%%%%%%%%%%%%%%%%%%%%%%%%%%%%%%%%%%%%%%%%%

     stopping ...
