
     Program PWSCF v.7.3.1 starts on  2Jul2025 at 14:18:49 

     This program is part of the open-source Quantum ESPRESSO suite
     for quantum simulation of materials; please cite
         "P. Giannozzi et al., J. Phys.:Condens. Matter 21 395502 (2009);
         "P. Giannozzi et al., J. Phys.:Condens. Matter 29 465901 (2017);
         "P. Giannozzi et al., J. Chem. Phys. 152 154105 (2020);
          URL http://www.quantum-espresso.org", 
     in publications or presentations arising from this work. More details at
     http://www.quantum-espresso.org/quote

     Parallel version (MPI), running on    16 processors

     MPI processes distributed on     1 nodes
     61605 MiB available memory on the printing compute node when the environment starts

     Waiting for input...
     Reading input from standard input
Warning: card                                           ! GAMMA MUSS REICHEN UND REICHT FÃ¼R UIO-66 VERMUTLICH AUCH ignored

     Current dimensions of program PWSCF are:
     Max number of different atomic species (ntypx) = 10
     Max number of k-points (npk) =  40000
     Max angular momentum in pseudopotentials (lmaxx) =  4
     file H.pbe-mt_fhi.UPF: wavefunction(s)  2p 4f renormalized
     file Zr.pbe-mt_fhi.UPF: wavefunction(s)  4f renormalized
     file C.pbe-mt_fhi.UPF: wavefunction(s)  4f renormalized
     file O.pbe-mt_fhi.UPF: wavefunction(s)  4f renormalized

     IMPORTANT: XC functional enforced from input :
     Exchange-correlation= HSE
                           (   1   4  12   4   0   0   0)
     EXX-fraction              =        0.25
     Any further DFT definition will be discarded
     Please, verify this is what you really want

     Message from routine setup:
     no reason to have ecutrho>4*ecutwfc

     R & G space division:  proc/nbgrp/npool/nimage =      16
     Subspace diagonalization in iterative solution of the eigenvalue problem:
     one sub-group per band group will be used
     custom distributed-memory algorithm (size of sub-group:  4*  4 procs)

     EXX: q-point mesh:     1    1    1
     EXX: grid of k+q points same as grid of k-points

     Parallelization info
     --------------------
     sticks:   dense  smooth     PW     G-vecs:    dense   smooth      PW
     Min        2032    1354    339               241643   131521   16449
     Max        2033    1356    340               241645   131522   16451
     Sum       32521   21679   5425              3866303  2104339  263203

     Using Slab Decomposition



     bravais-lattice index     =            0
     lattice parameter (alat)  =      28.0321  a.u.
     unit-cell volume          =   15575.9230 (a.u.)^3
     number of atoms/cell      =          114
     number of atomic types    =            4
     number of electrons       =       436.00
     number of Kohn-Sham states=          484
     kinetic-energy cutoff     =     100.0000  Ry
     charge density cutoff     =     600.0000  Ry
     cutoff for Fock operator  =     400.0000  Ry
     scf convergence threshold =      1.0E-10
     mixing beta               =       0.7000
     number of iterations used =            8  plain     mixing
     Exchange-correlation= HSE
                           (   1   4  12   4   0   0   0)
     EXX-fraction              =        0.25

     celldm(1)=  28.032141  celldm(2)=   0.000000  celldm(3)=   0.000000
     celldm(4)=   0.000000  celldm(5)=   0.000000  celldm(6)=   0.000000

     crystal axes: (cart. coord. in units of alat)
               a(1) = (   1.000000   0.000000   0.000000 )  
               a(2) = (   0.500000   0.866025   0.000000 )  
               a(3) = (   0.500000   0.288675   0.816497 )  

     reciprocal axes: (cart. coord. in units 2 pi/alat)
               b(1) = (  1.000000 -0.577350 -0.408248 )  
               b(2) = (  0.000000  1.154701 -0.408248 )  
               b(3) = (  0.000000  0.000000  1.224745 )  


     PseudoPot. # 1 for H  read from file:
     /home/mehlhorn/pseudos/UiO-66_pbe-mt_fhi/H.pbe-mt_fhi.UPF
     MD5 check sum: a51ab2e498800631a519c120141ab865
     Pseudo is Norm-conserving, Zval =  1.0
     Generated using FHI98PP, converted with fhi2upf.x v.5.0.2
     Using radial grid of  387 points,  3 beta functions with: 
                l(1) =   0
                l(2) =   1
                l(3) =   3

     PseudoPot. # 2 for Zr read from file:
     /home/mehlhorn/pseudos/UiO-66_pbe-mt_fhi/Zr.pbe-mt_fhi.UPF
     MD5 check sum: d7174933297848aa528ce1e54352b3ca
     Pseudo is Norm-conserving, Zval =  4.0
     Generated using FHI98PP, converted with fhi2upf.x v.5.0.2
     Using radial grid of  539 points,  3 beta functions with: 
                l(1) =   0
                l(2) =   2
                l(3) =   3

     PseudoPot. # 3 for C  read from file:
     /home/mehlhorn/pseudos/UiO-66_pbe-mt_fhi/C.pbe-mt_fhi.UPF
     MD5 check sum: e90676e360d65248580884789dafaf8e
     Pseudo is Norm-conserving, Zval =  4.0
     Generated using FHI98PP, converted with fhi2upf.x v.5.0.2
     Using radial grid of  461 points,  3 beta functions with: 
                l(1) =   0
                l(2) =   1
                l(3) =   3

     PseudoPot. # 4 for O  read from file:
     /home/mehlhorn/pseudos/UiO-66_pbe-mt_fhi/O.pbe-mt_fhi.UPF
     MD5 check sum: 99adf16d734adfb1dfafd143319e1c8a
     Pseudo is Norm-conserving, Zval =  6.0
     Generated using FHI98PP, converted with fhi2upf.x v.5.0.2
     Using radial grid of  473 points,  3 beta functions with: 
                l(1) =   0
                l(2) =   1
                l(3) =   3

     atomic species   valence    mass     pseudopotential
     H                 1.00     1.00750     H ( 1.00)
     Zr                4.00    91.22400     Zr( 1.00)
     C                 4.00    12.01060     C ( 1.00)
     O                 6.00    15.99900     O ( 1.00)

     No symmetry found



   Cartesian axes

     site n.     atom                  positions (alat units)
         1        Zr     tau(   1) = (   1.0000000   0.1390259   0.0983062  )
         2        Zr     tau(   2) = (   1.0000000   1.0156746   0.7181904  )
         3        Zr     tau(   3) = (   0.6204000   0.3581881   0.7181904  )
         4        Zr     tau(   4) = (   1.3796000   0.3581881   0.7181904  )
         5        Zr     tau(   5) = (   0.6204000   0.7965124   0.0983062  )
         6        Zr     tau(   6) = (   1.3796000   0.7965124   0.0983062  )
         7        O      tau(   7) = (   0.1345400   0.0776767   0.0549257  )
         8        O      tau(   8) = (   0.9080500   0.1410755   0.2187394  )
         9        O      tau(   9) = (   0.9028500   0.9044481   0.7521567  )
        10        O      tau(  10) = (   1.0971500   1.0106228   0.6020029  )
        11        O      tau(  11) = (   1.0919500   0.2532547   0.0600941  )
        12        O      tau(  12) = (   0.7653000   0.3296670   0.7521567  )
        13        O      tau(  13) = (   1.3266500   0.2765796   0.6020029  )
        14        O      tau(  14) = (   0.5762000   0.4448484   0.6020029  )
        15        O      tau(  15) = (   0.6733500   0.6597670   0.0600941  )
        16        O      tau(  16) = (   1.4238000   0.7158566   0.2187394  )
        17        O      tau(  17) = (   0.6681500   0.8751187   0.2187394  )
        18        O      tau(  18) = (   1.2347000   0.8190291   0.0600941  )
        19        O      tau(  19) = (   1.3318500   0.4979357   0.7521567  )
        20        O      tau(  20) = (   1.2347000   0.3296670   0.7521567  )
        21        O      tau(  21) = (   0.5762000   0.7158566   0.2187394  )
        22        O      tau(  22) = (   0.7653000   0.8190291   0.0600941  )
        23        O      tau(  23) = (   1.4238000   0.4448484   0.6020029  )
        24        O      tau(  24) = (   0.6733500   0.2765796   0.6020029  )
        25        O      tau(  25) = (   1.0919500   0.1410755   0.2187394  )
        26        O      tau(  26) = (   0.6681500   0.4979357   0.7521567  )
        27        O      tau(  27) = (   1.0971500   0.9044481   0.7521567  )
        28        O      tau(  28) = (   1.3266500   0.6597670   0.0600941  )
        29        O      tau(  29) = (   0.9028500   1.0106228   0.6020029  )
        30        O      tau(  30) = (   1.3318500   0.8751187   0.2187394  )
        31        O      tau(  31) = (   0.9080500   0.2532547   0.0600941  )
        32        O      tau(  32) = (   0.5000000   0.2886751   0.6517194  )
        33        O      tau(  33) = (   0.5000000   0.7106720   0.0549257  )
        34        O      tau(  34) = (   0.8654600   0.0776767   0.0549257  )
        35        O      tau(  35) = (   1.9011400   1.0976237   0.7761372  )
        36        O      tau(  36) = (   1.0988600   1.0976237   0.7761372  )
        37        O      tau(  37) = (   1.5000000   0.4028288   0.7761372  )
        38        O      tau(  38) = (   1.5000000   0.8660254   0.1210783  )
        39        C      tau(  39) = (   1.6482500   0.5549202   0.8131489  )
        40        C      tau(  40) = (   0.8208500   0.1978868   0.3752618  )
        41        C      tau(  41) = (   0.8078500   0.7424436   0.7443999  )
        42        C      tau(  42) = (   1.1921500   0.9493082   0.4518492  )
        43        C      tau(  43) = (   1.1791500   0.4197625   0.0614822  )
        44        C      tau(  44) = (   0.9531000   0.3283968   0.7443999  )
        45        C      tau(  45) = (   1.2260500   0.2249645   0.4518492  )
        46        C      tau(  46) = (   0.5818000   0.5577781   0.4518492  )
        47        C      tau(  47) = (   0.7739500   0.5009957   0.0614822  )
        48        C      tau(  48) = (   1.4182000   0.6119336   0.3752618  )
        49        C      tau(  49) = (   0.7609500   0.9222305   0.3752618  )
        50        C      tau(  50) = (   1.0469000   0.8112926   0.0614822  )
        51        C      tau(  51) = (   1.2390500   0.6612104   0.7443999  )
        52        C      tau(  52) = (   1.0469000   0.3283968   0.7443999  )
        53        C      tau(  53) = (   0.5818000   0.6119336   0.3752618  )
        54        C      tau(  54) = (   0.9531000   0.8112926   0.0614822  )
        55        C      tau(  55) = (   1.4182000   0.5577781   0.4518492  )
        56        C      tau(  56) = (   0.7739500   0.2249645   0.4518492  )
        57        C      tau(  57) = (   1.1791500   0.1978868   0.3752618  )
        58        C      tau(  58) = (   0.7609500   0.6612104   0.7443999  )
        59        C      tau(  59) = (   1.1921500   0.7424436   0.7443999  )
        60        C      tau(  60) = (   1.2260500   0.5009957   0.0614822  )
        61        C      tau(  61) = (   0.8078500   0.9493082   0.4518492  )
        62        C      tau(  62) = (   1.2390500   0.9222305   0.3752618  )
        63        C      tau(  63) = (   0.8208500   0.4197625   0.0614822  )
        64        C      tau(  64) = (   1.1564500   1.0643741   0.5710577  )
        65        C      tau(  65) = (   1.8435500   0.8931897   0.8131489  )
        66        C      tau(  66) = (   1.3517500   0.9516176   0.2521341  )
        67        C      tau(  67) = (   1.5000000   0.4693280   0.5710577  )
        68        C      tau(  68) = (   1.3517500   0.5549202   0.8131489  )
        69        C      tau(  69) = (   1.3047000   1.1499663   0.8131489  )
        70        C      tau(  70) = (   1.6482500   0.9516176   0.2521341  )
        71        C      tau(  71) = (   1.6953000   1.1499663   0.8131489  )
        72        C      tau(  72) = (   1.1564500   0.8931897   0.8131489  )
        73        C      tau(  73) = (   1.5000000   0.6948410   0.2521341  )
        74        C      tau(  74) = (   1.8435500   1.0643741   0.5710577  )
        75        C      tau(  75) = (   1.5943000   1.1475414   0.8114343  )
        76        C      tau(  76) = (   1.5000000   0.6389535   0.3363149  )
        77        C      tau(  77) = (   1.4057000   1.1475414   0.8114343  )
        78        C      tau(  78) = (   1.5000000   0.5300653   0.4903062  )
        79        C      tau(  79) = (   1.2090500   1.0340055   0.4903062  )
        80        C      tau(  80) = (   1.6966500   0.9795613   0.3363149  )
        81        C      tau(  81) = (   1.6966500   0.6436012   0.8114343  )
        82        C      tau(  82) = (   1.2090500   0.8069336   0.8114343  )
        83        C      tau(  83) = (   1.7909500   0.8069336   0.8114343  )
        84        C      tau(  84) = (   1.7909500   1.0340055   0.4903062  )
        85        C      tau(  85) = (   1.3033500   0.9795613   0.3363149  )
        86        C      tau(  86) = (   1.3033500   0.6436012   0.8114343  )
        87        H      tau(  87) = (   0.8709000   0.2413324   0.3445616  )
        88        H      tau(  88) = (   0.8580000   0.7568485   0.6932872  )
        89        H      tau(  89) = (   1.1420000   0.9059203   0.4824678  )
        90        H      tau(  90) = (   1.1291000   0.4052999   0.1126765  )
        91        H      tau(  91) = (   0.9155500   0.3646256   0.6932872  )
        92        H      tau(  92) = (   1.2135500   0.2900896   0.4824678  )
        93        H      tau(  93) = (   0.6444500   0.5360409   0.4824678  )
        94        H      tau(  94) = (   0.7864500   0.5515716   0.1126765  )
        95        H      tau(  95) = (   1.3555500   0.6335553   0.3445616  )
        96        H      tau(  96) = (   0.7735500   0.8571631   0.3445616  )
        97        H      tau(  97) = (   1.0844500   0.7751793   0.1126765  )
        98        H      tau(  98) = (   1.2264500   0.6105768   0.6932872  )
        99        H      tau(  99) = (   1.0844500   0.3646256   0.6932872  )
       100        H      tau( 100) = (   0.6444500   0.6335553   0.3445616  )
       101        H      tau( 101) = (   0.9155500   0.7751793   0.1126765  )
       102        H      tau( 102) = (   1.3555500   0.5360409   0.4824678  )
       103        H      tau( 103) = (   0.7864500   0.2900896   0.4824678  )
       104        H      tau( 104) = (   1.1291000   0.2413324   0.3445616  )
       105        H      tau( 105) = (   0.7735500   0.6105768   0.6932872  )
       106        H      tau( 106) = (   1.1420000   0.7568485   0.6932872  )
       107        H      tau( 107) = (   1.2135500   0.5515716   0.1126765  )
       108        H      tau( 108) = (   0.8580000   0.9059203   0.4824678  )
       109        H      tau( 109) = (   1.2264500   0.8571631   0.3445616  )
       110        H      tau( 110) = (   0.8709000   0.4052999   0.1126765  )
       111        H      tau( 111) = (   0.5000000   0.2886751   0.5868079  )
       112        H      tau( 112) = (   0.5000000   0.6494729   0.0765629  )
       113        H      tau( 113) = (   0.1875400   0.1082763   0.0765629  )
       114        H      tau( 114) = (   0.8124600   0.1082763   0.0765629  )

     number of k points=     1
                       cart. coord. in units 2pi/alat
        k(    1) = (   0.0000000   0.0000000   0.0000000), wk =   2.0000000

     Dense  grid:  3866303 G-vectors     FFT dimensions: ( 225, 225, 225)

     Smooth grid:  2104339 G-vectors     FFT dimensions: ( 180, 180, 180)

     Estimated max dynamical RAM per process >       3.72 GB

     Estimated total dynamical RAM >      59.49 GB

     Writing config-init to output data dir ./pwscf.save/ :
     XML data file


     Called by init_run:

     Called by electrons:

     Called by c_bands:

     Called by *egterg:

     Called by h_psi:

     General routines

     Parallel routines

     EXX routines
     exx_grid     :      0.00s CPU      0.00s WALL (       1 calls)

     PWSCF        :      0.13s CPU      0.32s WALL


   This run was terminated on:  14:18:50   2Jul2025            

=------------------------------------------------------------------------------=
   JOB DONE.
=------------------------------------------------------------------------------=
