/var/lib/slurm-llnl/slurmd/job61403/slurm_script: line 41: ulimit: pipe size: cannot modify limit: Invalid argument
/var/lib/slurm-llnl/slurmd/job61403/slurm_script: line 42: ulimit: open files: cannot modify limit: Operation not permitted
cp: preserving permissions for ‘/local/scratch/mehlhorn/61403/JOBLOG’: Operation not supported
cp: preserving permissions for ‘/local/scratch/mehlhorn/61403/epsilon.inp’: Operation not supported
cp: preserving permissions for ‘/local/scratch/mehlhorn/61403/pw.inp’: Operation not supported
cp: preserving permissions for ‘/local/scratch/mehlhorn/61403/qe.job’: Operation not supported
