[cuda3:286883] [[24087,0],0] ORTE_ERROR_LOG: Data unpack would read past end of buffer in file ../../../orte/util/show_help.c at line 513
[cuda3:286883] [[24087,0],0] ORTE_ERROR_LOG: Out of resource in file ../../../orte/util/show_help.c at line 507
[cuda3:286883] [[24087,0],0] ORTE_ERROR_LOG: Data unpack would read past end of buffer in file ../../../orte/util/show_help.c at line 501
--------------------------------------------------------------------------
A system call failed during shared memory initialization that should
not have.  It is likely that your MPI job will now either abort or
experience performance degradation.

  Local host:  cuda3
  System call: unlink(2) /dev/shm/vader_segment.cuda3.1009.5e170001.11
  Error:       No such file or directory (errno 2)
--------------------------------------------------------------------------
[cuda3:286883] 20 more processes have sent help message help-opal-shmem-mmap.txt / sys call fail
[cuda3:286883] Set MCA parameter "orte_base_help_aggregate" to 0 to see all help / error messages
