cp: preserving permissions for ‘/local/scratch/mehlhorn/62070/JOBLOG’: Operation not supported
cp: preserving permissions for ‘/local/scratch/mehlhorn/62070/orca.job’: Operation not supported
cp: preserving permissions for ‘/local/scratch/mehlhorn/62070/run.inp’: Operation not supported
