--------------------------------------------------------------------------
A system call failed during shared memory initialization that should
not have.  It is likely that your MPI job will now either abort or
experience performance degradation.

  Local host:  cuda2
  System call: unlink(2) /dev/shm/vader_segment.cuda2.1009.97b00001.6
  Error:       No such file or directory (errno 2)
--------------------------------------------------------------------------
[cuda2:289519] 23 more processes have sent help message help-opal-shmem-mmap.txt / sys call fail
[cuda2:289519] Set MCA parameter "orte_base_help_aggregate" to 0 to see all help / error messages
