cp: preserving permissions for ‘/local/scratch/mehlhorn/62068/JOBLOG’: Operation not supported
cp: preserving permissions for ‘/local/scratch/mehlhorn/62068/orca.job’: Operation not supported
cp: preserving permissions for ‘/local/scratch/mehlhorn/62068/run.inp’: Operation not supported
