--------------------------------------------------------------------------
A system call failed during shared memory initialization that should
not have.  It is likely that your MPI job will now either abort or
experience performance degradation.

  Local host:  mendelevium01
  System call: unlink(2) /dev/shm/vader_segment.mendelevium01.1009.463e0001.19
  Error:       No such file or directory (errno 2)
--------------------------------------------------------------------------
[mendelevium01:4164938] 23 more processes have sent help message help-opal-shmem-mmap.txt / sys call fail
[mendelevium01:4164938] Set MCA parameter "orte_base_help_aggregate" to 0 to see all help / error messages
