cp: preserving permissions for ‘/local/scratch/mehlhorn/62093/JOBLOG’: Operation not supported
cp: preserving permissions for ‘/local/scratch/mehlhorn/62093/orca.job’: Operation not supported
cp: preserving permissions for ‘/local/scratch/mehlhorn/62093/orca.out’: Operation not supported
cp: preserving permissions for ‘/local/scratch/mehlhorn/62093/orca_error.out’: Operation not supported
cp: preserving permissions for ‘/local/scratch/mehlhorn/62093/run.hess’: Operation not supported
cp: preserving permissions for ‘/local/scratch/mehlhorn/62093/run.inp’: Operation not supported
cp: preserving permissions for ‘/local/scratch/mehlhorn/62093/slurm-62090.out’: Operation not supported
cp: preserving permissions for ‘/local/scratch/mehlhorn/62093/slurm-62091.out’: Operation not supported
cp: preserving permissions for ‘/local/scratch/mehlhorn/62093/slurm-62092.out’: Operation not supported
