cp: preserving permissions for ‘/local/scratch/mehlhorn/62092/JOBLOG’: Operation not supported
cp: preserving permissions for ‘/local/scratch/mehlhorn/62092/orca.job’: Operation not supported
cp: preserving permissions for ‘/local/scratch/mehlhorn/62092/run.hess’: Operation not supported
cp: preserving permissions for ‘/local/scratch/mehlhorn/62092/run.inp’: Operation not supported
cp: preserving permissions for ‘/local/scratch/mehlhorn/62092/slurm-62090.out’: Operation not supported
cp: preserving permissions for ‘/local/scratch/mehlhorn/62092/slurm-62091.out’: Operation not supported
