cp: preserving permissions for ‘/local/scratch/mehlhorn/62071/JOBLOG’: Operation not supported
cp: preserving permissions for ‘/local/scratch/mehlhorn/62071/orca.job’: Operation not supported
cp: preserving permissions for ‘/local/scratch/mehlhorn/62071/run.inp’: Operation not supported
