cp: preserving permissions for ‘/local/scratch/mehlhorn/62077/JOBLOG’: Operation not supported
cp: preserving permissions for ‘/local/scratch/mehlhorn/62077/orca.job’: Operation not supported
cp: preserving permissions for ‘/local/scratch/mehlhorn/62077/orca.out’: Operation not supported
cp: preserving permissions for ‘/local/scratch/mehlhorn/62077/orca_error.out’: Operation not supported
cp: preserving permissions for ‘/local/scratch/mehlhorn/62077/run.bas0’: Operation not supported
cp: preserving permissions for ‘/local/scratch/mehlhorn/62077/run.bas1’: Operation not supported
cp: preserving permissions for ‘/local/scratch/mehlhorn/62077/run.bas2’: Operation not supported
cp: preserving permissions for ‘/local/scratch/mehlhorn/62077/run.bas3’: Operation not supported
cp: preserving permissions for ‘/local/scratch/mehlhorn/62077/run.bas4’: Operation not supported
cp: preserving permissions for ‘/local/scratch/mehlhorn/62077/run.bas5’: Operation not supported
cp: preserving permissions for ‘/local/scratch/mehlhorn/62077/run.citations.tmp’: Operation not supported
cp: preserving permissions for ‘/local/scratch/mehlhorn/62077/run.inp’: Operation not supported
cp: preserving permissions for ‘/local/scratch/mehlhorn/62077/slurm-62071.out’: Operation not supported
cp: preserving permissions for ‘/local/scratch/mehlhorn/62077/slurm-62072.out’: Operation not supported
cp: preserving permissions for ‘/local/scratch/mehlhorn/62077/slurm-62073.out’: Operation not supported
cp: preserving permissions for ‘/local/scratch/mehlhorn/62077/slurm-62074.out’: Operation not supported
cp: preserving permissions for ‘/local/scratch/mehlhorn/62077/slurm-62075.out’: Operation not supported
cp: preserving permissions for ‘/local/scratch/mehlhorn/62077/slurm-62076.out’: Operation not supported
