cp: preserving permissions for ‘/local/scratch/mehlhorn/62074/JOBLOG’: Operation not supported
cp: preserving permissions for ‘/local/scratch/mehlhorn/62074/orca.job’: Operation not supported
cp: preserving permissions for ‘/local/scratch/mehlhorn/62074/orca.out’: Operation not supported
cp: preserving permissions for ‘/local/scratch/mehlhorn/62074/orca_error.out’: Operation not supported
cp: preserving permissions for ‘/local/scratch/mehlhorn/62074/run.bas0’: Operation not supported
cp: preserving permissions for ‘/local/scratch/mehlhorn/62074/run.bas1’: Operation not supported
cp: preserving permissions for ‘/local/scratch/mehlhorn/62074/run.bas2’: Operation not supported
cp: preserving permissions for ‘/local/scratch/mehlhorn/62074/run.bas3’: Operation not supported
cp: preserving permissions for ‘/local/scratch/mehlhorn/62074/run.bas4’: Operation not supported
cp: preserving permissions for ‘/local/scratch/mehlhorn/62074/run.bas5’: Operation not supported
cp: preserving permissions for ‘/local/scratch/mehlhorn/62074/run.citations.tmp’: Operation not supported
cp: preserving permissions for ‘/local/scratch/mehlhorn/62074/run.inp’: Operation not supported
cp: preserving permissions for ‘/local/scratch/mehlhorn/62074/slurm-62071.out’: Operation not supported
cp: preserving permissions for ‘/local/scratch/mehlhorn/62074/slurm-62072.out’: Operation not supported
cp: preserving permissions for ‘/local/scratch/mehlhorn/62074/slurm-62073.out’: Operation not supported
