cp: preserving permissions for ‘/local/scratch/mehlhorn/62076/JOBLOG’: Operation not supported
cp: preserving permissions for ‘/local/scratch/mehlhorn/62076/orca.job’: Operation not supported
cp: preserving permissions for ‘/local/scratch/mehlhorn/62076/orca.out’: Operation not supported
cp: preserving permissions for ‘/local/scratch/mehlhorn/62076/orca_error.out’: Operation not supported
cp: preserving permissions for ‘/local/scratch/mehlhorn/62076/run.bas0’: Operation not supported
cp: preserving permissions for ‘/local/scratch/mehlhorn/62076/run.bas1’: Operation not supported
cp: preserving permissions for ‘/local/scratch/mehlhorn/62076/run.bas2’: Operation not supported
cp: preserving permissions for ‘/local/scratch/mehlhorn/62076/run.bas3’: Operation not supported
cp: preserving permissions for ‘/local/scratch/mehlhorn/62076/run.bas4’: Operation not supported
cp: preserving permissions for ‘/local/scratch/mehlhorn/62076/run.bas5’: Operation not supported
cp: preserving permissions for ‘/local/scratch/mehlhorn/62076/run.citations.tmp’: Operation not supported
cp: preserving permissions for ‘/local/scratch/mehlhorn/62076/run.inp’: Operation not supported
cp: preserving permissions for ‘/local/scratch/mehlhorn/62076/slurm-62071.out’: Operation not supported
cp: preserving permissions for ‘/local/scratch/mehlhorn/62076/slurm-62072.out’: Operation not supported
cp: preserving permissions for ‘/local/scratch/mehlhorn/62076/slurm-62073.out’: Operation not supported
cp: preserving permissions for ‘/local/scratch/mehlhorn/62076/slurm-62074.out’: Operation not supported
cp: preserving permissions for ‘/local/scratch/mehlhorn/62076/slurm-62075.out’: Operation not supported
