cp: preserving permissions for ‘/local/scratch/mehlhorn/62079/JOBLOG’: Operation not supported
cp: preserving permissions for ‘/local/scratch/mehlhorn/62079/orca.job’: Operation not supported
cp: preserving permissions for ‘/local/scratch/mehlhorn/62079/orca.out’: Operation not supported
cp: preserving permissions for ‘/local/scratch/mehlhorn/62079/orca_error.out’: Operation not supported
cp: preserving permissions for ‘/local/scratch/mehlhorn/62079/run.E.tmp’: Operation not supported
cp: preserving permissions for ‘/local/scratch/mehlhorn/62079/run.EIJ.tmp’: Operation not supported
cp: preserving permissions for ‘/local/scratch/mehlhorn/62079/run.H.tmp’: Operation not supported
cp: preserving permissions for ‘/local/scratch/mehlhorn/62079/run.K.tmp’: Operation not supported
cp: preserving permissions for ‘/local/scratch/mehlhorn/62079/run.K0.tmp’: Operation not supported
cp: preserving permissions for ‘/local/scratch/mehlhorn/62079/run.MP2_IAV_0.tmp.0’: Operation not supported
cp: preserving permissions for ‘/local/scratch/mehlhorn/62079/run.MP2_IAV_0.tmp.1’: Operation not supported
cp: preserving permissions for ‘/local/scratch/mehlhorn/62079/run.MP2_IAV_0.tmp.10’: Operation not supported
cp: preserving permissions for ‘/local/scratch/mehlhorn/62079/run.MP2_IAV_0.tmp.11’: Operation not supported
cp: preserving permissions for ‘/local/scratch/mehlhorn/62079/run.MP2_IAV_0.tmp.12’: Operation not supported
cp: preserving permissions for ‘/local/scratch/mehlhorn/62079/run.MP2_IAV_0.tmp.13’: Operation not supported
cp: preserving permissions for ‘/local/scratch/mehlhorn/62079/run.MP2_IAV_0.tmp.14’: Operation not supported
cp: preserving permissions for ‘/local/scratch/mehlhorn/62079/run.MP2_IAV_0.tmp.15’: Operation not supported
cp: preserving permissions for ‘/local/scratch/mehlhorn/62079/run.MP2_IAV_0.tmp.16’: Operation not supported
cp: preserving permissions for ‘/local/scratch/mehlhorn/62079/run.MP2_IAV_0.tmp.17’: Operation not supported
cp: preserving permissions for ‘/local/scratch/mehlhorn/62079/run.MP2_IAV_0.tmp.18’: Operation not supported
cp: preserving permissions for ‘/local/scratch/mehlhorn/62079/run.MP2_IAV_0.tmp.19’: Operation not supported
cp: preserving permissions for ‘/local/scratch/mehlhorn/62079/run.MP2_IAV_0.tmp.2’: Operation not supported
cp: preserving permissions for ‘/local/scratch/mehlhorn/62079/run.MP2_IAV_0.tmp.20’: Operation not supported
cp: preserving permissions for ‘/local/scratch/mehlhorn/62079/run.MP2_IAV_0.tmp.21’: Operation not supported
cp: preserving permissions for ‘/local/scratch/mehlhorn/62079/run.MP2_IAV_0.tmp.22’: Operation not supported
cp: preserving permissions for ‘/local/scratch/mehlhorn/62079/run.MP2_IAV_0.tmp.23’: Operation not supported
cp: preserving permissions for ‘/local/scratch/mehlhorn/62079/run.MP2_IAV_0.tmp.3’: Operation not supported
cp: preserving permissions for ‘/local/scratch/mehlhorn/62079/run.MP2_IAV_0.tmp.4’: Operation not supported
cp: preserving permissions for ‘/local/scratch/mehlhorn/62079/run.MP2_IAV_0.tmp.5’: Operation not supported
cp: preserving permissions for ‘/local/scratch/mehlhorn/62079/run.MP2_IAV_0.tmp.6’: Operation not supported
cp: preserving permissions for ‘/local/scratch/mehlhorn/62079/run.MP2_IAV_0.tmp.7’: Operation not supported
cp: preserving permissions for ‘/local/scratch/mehlhorn/62079/run.MP2_IAV_0.tmp.8’: Operation not supported
cp: preserving permissions for ‘/local/scratch/mehlhorn/62079/run.MP2_IAV_0.tmp.9’: Operation not supported
cp: preserving permissions for ‘/local/scratch/mehlhorn/62079/run.MP2_IJV_0.tmp.0’: Operation not supported
cp: preserving permissions for ‘/local/scratch/mehlhorn/62079/run.MP2_IJV_0.tmp.1’: Operation not supported
cp: preserving permissions for ‘/local/scratch/mehlhorn/62079/run.MP2_IJV_0.tmp.10’: Operation not supported
cp: preserving permissions for ‘/local/scratch/mehlhorn/62079/run.MP2_IJV_0.tmp.11’: Operation not supported
cp: preserving permissions for ‘/local/scratch/mehlhorn/62079/run.MP2_IJV_0.tmp.12’: Operation not supported
cp: preserving permissions for ‘/local/scratch/mehlhorn/62079/run.MP2_IJV_0.tmp.13’: Operation not supported
cp: preserving permissions for ‘/local/scratch/mehlhorn/62079/run.MP2_IJV_0.tmp.14’: Operation not supported
cp: preserving permissions for ‘/local/scratch/mehlhorn/62079/run.MP2_IJV_0.tmp.15’: Operation not supported
cp: preserving permissions for ‘/local/scratch/mehlhorn/62079/run.MP2_IJV_0.tmp.16’: Operation not supported
cp: preserving permissions for ‘/local/scratch/mehlhorn/62079/run.MP2_IJV_0.tmp.17’: Operation not supported
cp: preserving permissions for ‘/local/scratch/mehlhorn/62079/run.MP2_IJV_0.tmp.18’: Operation not supported
cp: preserving permissions for ‘/local/scratch/mehlhorn/62079/run.MP2_IJV_0.tmp.19’: Operation not supported
cp: preserving permissions for ‘/local/scratch/mehlhorn/62079/run.MP2_IJV_0.tmp.2’: Operation not supported
cp: preserving permissions for ‘/local/scratch/mehlhorn/62079/run.MP2_IJV_0.tmp.20’: Operation not supported
cp: preserving permissions for ‘/local/scratch/mehlhorn/62079/run.MP2_IJV_0.tmp.21’: Operation not supported
cp: preserving permissions for ‘/local/scratch/mehlhorn/62079/run.MP2_IJV_0.tmp.22’: Operation not supported
cp: preserving permissions for ‘/local/scratch/mehlhorn/62079/run.MP2_IJV_0.tmp.23’: Operation not supported
cp: preserving permissions for ‘/local/scratch/mehlhorn/62079/run.MP2_IJV_0.tmp.3’: Operation not supported
cp: preserving permissions for ‘/local/scratch/mehlhorn/62079/run.MP2_IJV_0.tmp.4’: Operation not supported
cp: preserving permissions for ‘/local/scratch/mehlhorn/62079/run.MP2_IJV_0.tmp.5’: Operation not supported
cp: preserving permissions for ‘/local/scratch/mehlhorn/62079/run.MP2_IJV_0.tmp.6’: Operation not supported
cp: preserving permissions for ‘/local/scratch/mehlhorn/62079/run.MP2_IJV_0.tmp.7’: Operation not supported
cp: preserving permissions for ‘/local/scratch/mehlhorn/62079/run.MP2_IJV_0.tmp.8’: Operation not supported
cp: preserving permissions for ‘/local/scratch/mehlhorn/62079/run.MP2_IJV_0.tmp.9’: Operation not supported
cp: preserving permissions for ‘/local/scratch/mehlhorn/62079/run.P0.tmp’: Operation not supported
cp: preserving permissions for ‘/local/scratch/mehlhorn/62079/run.PDAT.tmp’: Operation not supported
cp: preserving permissions for ‘/local/scratch/mehlhorn/62079/run.S.tmp’: Operation not supported
cp: preserving permissions for ‘/local/scratch/mehlhorn/62079/run.SC0.gridx1.tmp’: Operation not supported
cp: preserving permissions for ‘/local/scratch/mehlhorn/62079/run.SC0.gridx2.tmp’: Operation not supported
cp: preserving permissions for ‘/local/scratch/mehlhorn/62079/run.SC0.gridx3.tmp’: Operation not supported
cp: preserving permissions for ‘/local/scratch/mehlhorn/62079/run.SC0.gridx4.tmp’: Operation not supported
cp: preserving permissions for ‘/local/scratch/mehlhorn/62079/run.SC0.gridx_cpscf.tmp’: Operation not supported
cp: preserving permissions for ‘/local/scratch/mehlhorn/62079/run.SHARK.KPRSCR.tmp’: Operation not supported
cp: preserving permissions for ‘/local/scratch/mehlhorn/62079/run.SHARKINP.tmp’: Operation not supported
cp: preserving permissions for ‘/local/scratch/mehlhorn/62079/run.SINV.grid_cpscf_factor.tmp’: Operation not supported
cp: preserving permissions for ‘/local/scratch/mehlhorn/62079/run.SINV.gridx1_factor.tmp’: Operation not supported
cp: preserving permissions for ‘/local/scratch/mehlhorn/62079/run.SINV.gridx2_factor.tmp’: Operation not supported
cp: preserving permissions for ‘/local/scratch/mehlhorn/62079/run.SINV.gridx3_factor.tmp’: Operation not supported
cp: preserving permissions for ‘/local/scratch/mehlhorn/62079/run.SINV.gridx4_factor.tmp’: Operation not supported
cp: preserving permissions for ‘/local/scratch/mehlhorn/62079/run.SINV.gridx4_pivot.tmp’: Operation not supported
cp: preserving permissions for ‘/local/scratch/mehlhorn/62079/run.SM12.tmp’: Operation not supported
cp: preserving permissions for ‘/local/scratch/mehlhorn/62079/run.SP12.tmp’: Operation not supported
cp: preserving permissions for ‘/local/scratch/mehlhorn/62079/run.SQRTVC.tmp’: Operation not supported
cp: preserving permissions for ‘/local/scratch/mehlhorn/62079/run.SQRTVEXT.tmp’: Operation not supported
cp: preserving permissions for ‘/local/scratch/mehlhorn/62079/run.SQRTVJ.tmp’: Operation not supported
cp: preserving permissions for ‘/local/scratch/mehlhorn/62079/run.T.tmp’: Operation not supported
cp: preserving permissions for ‘/local/scratch/mehlhorn/62079/run.V.tmp’: Operation not supported
cp: preserving permissions for ‘/local/scratch/mehlhorn/62079/run.VAUXC.tmp’: Operation not supported
cp: preserving permissions for ‘/local/scratch/mehlhorn/62079/run.VAUXJ.tmp’: Operation not supported
cp: preserving permissions for ‘/local/scratch/mehlhorn/62079/run.VCDC.tmp’: Operation not supported
cp: preserving permissions for ‘/local/scratch/mehlhorn/62079/run.VCDJ.tmp’: Operation not supported
cp: preserving permissions for ‘/local/scratch/mehlhorn/62079/run.VEXT.tmp’: Operation not supported
cp: preserving permissions for ‘/local/scratch/mehlhorn/62079/run.VM12C.tmp’: Operation not supported
cp: preserving permissions for ‘/local/scratch/mehlhorn/62079/run.VM1EXT.tmp’: Operation not supported
cp: preserving permissions for ‘/local/scratch/mehlhorn/62079/run.bas0’: Operation not supported
cp: preserving permissions for ‘/local/scratch/mehlhorn/62079/run.bas1’: Operation not supported
cp: preserving permissions for ‘/local/scratch/mehlhorn/62079/run.bas2’: Operation not supported
cp: preserving permissions for ‘/local/scratch/mehlhorn/62079/run.bas3’: Operation not supported
cp: preserving permissions for ‘/local/scratch/mehlhorn/62079/run.bas4’: Operation not supported
cp: preserving permissions for ‘/local/scratch/mehlhorn/62079/run.bas5’: Operation not supported
cp: preserving permissions for ‘/local/scratch/mehlhorn/62079/run.citations.tmp’: Operation not supported
cp: preserving permissions for ‘/local/scratch/mehlhorn/62079/run.cpscfdata.tmp.0’: Operation not supported
cp: preserving permissions for ‘/local/scratch/mehlhorn/62079/run.densities’: Operation not supported
cp: preserving permissions for ‘/local/scratch/mehlhorn/62079/run.densitiesinfo’: Operation not supported
cp: preserving permissions for ‘/local/scratch/mehlhorn/62079/run.en.tmp’: Operation not supported
cp: preserving permissions for ‘/local/scratch/mehlhorn/62079/run.exc0.tmp’: Operation not supported
cp: preserving permissions for ‘/local/scratch/mehlhorn/62079/run.exc1.tmp’: Operation not supported
cp: preserving permissions for ‘/local/scratch/mehlhorn/62079/run.exc10.tmp’: Operation not supported
cp: preserving permissions for ‘/local/scratch/mehlhorn/62079/run.exc11.tmp’: Operation not supported
cp: preserving permissions for ‘/local/scratch/mehlhorn/62079/run.exc12.tmp’: Operation not supported
cp: preserving permissions for ‘/local/scratch/mehlhorn/62079/run.exc13.tmp’: Operation not supported
cp: preserving permissions for ‘/local/scratch/mehlhorn/62079/run.exc14.tmp’: Operation not supported
cp: preserving permissions for ‘/local/scratch/mehlhorn/62079/run.exc15.tmp’: Operation not supported
cp: preserving permissions for ‘/local/scratch/mehlhorn/62079/run.exc16.tmp’: Operation not supported
cp: preserving permissions for ‘/local/scratch/mehlhorn/62079/run.exc17.tmp’: Operation not supported
cp: preserving permissions for ‘/local/scratch/mehlhorn/62079/run.exc18.tmp’: Operation not supported
cp: preserving permissions for ‘/local/scratch/mehlhorn/62079/run.exc19.tmp’: Operation not supported
cp: preserving permissions for ‘/local/scratch/mehlhorn/62079/run.exc2.tmp’: Operation not supported
cp: preserving permissions for ‘/local/scratch/mehlhorn/62079/run.exc20.tmp’: Operation not supported
cp: preserving permissions for ‘/local/scratch/mehlhorn/62079/run.exc21.tmp’: Operation not supported
cp: preserving permissions for ‘/local/scratch/mehlhorn/62079/run.exc22.tmp’: Operation not supported
cp: preserving permissions for ‘/local/scratch/mehlhorn/62079/run.exc23.tmp’: Operation not supported
cp: preserving permissions for ‘/local/scratch/mehlhorn/62079/run.exc3.tmp’: Operation not supported
cp: preserving permissions for ‘/local/scratch/mehlhorn/62079/run.exc4.tmp’: Operation not supported
cp: preserving permissions for ‘/local/scratch/mehlhorn/62079/run.exc5.tmp’: Operation not supported
cp: preserving permissions for ‘/local/scratch/mehlhorn/62079/run.exc6.tmp’: Operation not supported
cp: preserving permissions for ‘/local/scratch/mehlhorn/62079/run.exc7.tmp’: Operation not supported
cp: preserving permissions for ‘/local/scratch/mehlhorn/62079/run.exc8.tmp’: Operation not supported
cp: preserving permissions for ‘/local/scratch/mehlhorn/62079/run.exc9.tmp’: Operation not supported
cp: preserving permissions for ‘/local/scratch/mehlhorn/62079/run.fxc0.tmp’: Operation not supported
cp: preserving permissions for ‘/local/scratch/mehlhorn/62079/run.fxc1.tmp’: Operation not supported
cp: preserving permissions for ‘/local/scratch/mehlhorn/62079/run.fxc10.tmp’: Operation not supported
cp: preserving permissions for ‘/local/scratch/mehlhorn/62079/run.fxc11.tmp’: Operation not supported
cp: preserving permissions for ‘/local/scratch/mehlhorn/62079/run.fxc12.tmp’: Operation not supported
cp: preserving permissions for ‘/local/scratch/mehlhorn/62079/run.fxc13.tmp’: Operation not supported
cp: preserving permissions for ‘/local/scratch/mehlhorn/62079/run.fxc14.tmp’: Operation not supported
cp: preserving permissions for ‘/local/scratch/mehlhorn/62079/run.fxc15.tmp’: Operation not supported
cp: preserving permissions for ‘/local/scratch/mehlhorn/62079/run.fxc16.tmp’: Operation not supported
cp: preserving permissions for ‘/local/scratch/mehlhorn/62079/run.fxc17.tmp’: Operation not supported
cp: preserving permissions for ‘/local/scratch/mehlhorn/62079/run.fxc18.tmp’: Operation not supported
cp: preserving permissions for ‘/local/scratch/mehlhorn/62079/run.fxc19.tmp’: Operation not supported
cp: preserving permissions for ‘/local/scratch/mehlhorn/62079/run.fxc2.tmp’: Operation not supported
cp: preserving permissions for ‘/local/scratch/mehlhorn/62079/run.fxc20.tmp’: Operation not supported
cp: preserving permissions for ‘/local/scratch/mehlhorn/62079/run.fxc21.tmp’: Operation not supported
cp: preserving permissions for ‘/local/scratch/mehlhorn/62079/run.fxc22.tmp’: Operation not supported
cp: preserving permissions for ‘/local/scratch/mehlhorn/62079/run.fxc23.tmp’: Operation not supported
cp: preserving permissions for ‘/local/scratch/mehlhorn/62079/run.fxc3.tmp’: Operation not supported
cp: preserving permissions for ‘/local/scratch/mehlhorn/62079/run.fxc4.tmp’: Operation not supported
cp: preserving permissions for ‘/local/scratch/mehlhorn/62079/run.fxc5.tmp’: Operation not supported
cp: preserving permissions for ‘/local/scratch/mehlhorn/62079/run.fxc6.tmp’: Operation not supported
cp: preserving permissions for ‘/local/scratch/mehlhorn/62079/run.fxc7.tmp’: Operation not supported
cp: preserving permissions for ‘/local/scratch/mehlhorn/62079/run.fxc8.tmp’: Operation not supported
cp: preserving permissions for ‘/local/scratch/mehlhorn/62079/run.fxc9.tmp’: Operation not supported
cp: preserving permissions for ‘/local/scratch/mehlhorn/62079/run.fxc_cpscf0.tmp’: Operation not supported
cp: preserving permissions for ‘/local/scratch/mehlhorn/62079/run.fxc_cpscf1.tmp’: Operation not supported
cp: preserving permissions for ‘/local/scratch/mehlhorn/62079/run.fxc_cpscf10.tmp’: Operation not supported
cp: preserving permissions for ‘/local/scratch/mehlhorn/62079/run.fxc_cpscf11.tmp’: Operation not supported
cp: preserving permissions for ‘/local/scratch/mehlhorn/62079/run.fxc_cpscf12.tmp’: Operation not supported
cp: preserving permissions for ‘/local/scratch/mehlhorn/62079/run.fxc_cpscf13.tmp’: Operation not supported
cp: preserving permissions for ‘/local/scratch/mehlhorn/62079/run.fxc_cpscf14.tmp’: Operation not supported
cp: preserving permissions for ‘/local/scratch/mehlhorn/62079/run.fxc_cpscf15.tmp’: Operation not supported
cp: preserving permissions for ‘/local/scratch/mehlhorn/62079/run.fxc_cpscf16.tmp’: Operation not supported
cp: preserving permissions for ‘/local/scratch/mehlhorn/62079/run.fxc_cpscf17.tmp’: Operation not supported
cp: preserving permissions for ‘/local/scratch/mehlhorn/62079/run.fxc_cpscf18.tmp’: Operation not supported
cp: preserving permissions for ‘/local/scratch/mehlhorn/62079/run.fxc_cpscf19.tmp’: Operation not supported
cp: preserving permissions for ‘/local/scratch/mehlhorn/62079/run.fxc_cpscf2.tmp’: Operation not supported
cp: preserving permissions for ‘/local/scratch/mehlhorn/62079/run.fxc_cpscf20.tmp’: Operation not supported
cp: preserving permissions for ‘/local/scratch/mehlhorn/62079/run.fxc_cpscf21.tmp’: Operation not supported
cp: preserving permissions for ‘/local/scratch/mehlhorn/62079/run.fxc_cpscf22.tmp’: Operation not supported
cp: preserving permissions for ‘/local/scratch/mehlhorn/62079/run.fxc_cpscf23.tmp’: Operation not supported
cp: preserving permissions for ‘/local/scratch/mehlhorn/62079/run.fxc_cpscf3.tmp’: Operation not supported
cp: preserving permissions for ‘/local/scratch/mehlhorn/62079/run.fxc_cpscf4.tmp’: Operation not supported
cp: preserving permissions for ‘/local/scratch/mehlhorn/62079/run.fxc_cpscf5.tmp’: Operation not supported
cp: preserving permissions for ‘/local/scratch/mehlhorn/62079/run.fxc_cpscf6.tmp’: Operation not supported
cp: preserving permissions for ‘/local/scratch/mehlhorn/62079/run.fxc_cpscf7.tmp’: Operation not supported
cp: preserving permissions for ‘/local/scratch/mehlhorn/62079/run.fxc_cpscf8.tmp’: Operation not supported
cp: preserving permissions for ‘/local/scratch/mehlhorn/62079/run.fxc_cpscf9.tmp’: Operation not supported
cp: preserving permissions for ‘/local/scratch/mehlhorn/62079/run.gbw’: Operation not supported
cp: preserving permissions for ‘/local/scratch/mehlhorn/62079/run.ginp.tmp’: Operation not supported
cp: preserving permissions for ‘/local/scratch/mehlhorn/62079/run.gpot0.tmp’: Operation not supported
cp: preserving permissions for ‘/local/scratch/mehlhorn/62079/run.gpot1.tmp’: Operation not supported
cp: preserving permissions for ‘/local/scratch/mehlhorn/62079/run.gpot10.tmp’: Operation not supported
cp: preserving permissions for ‘/local/scratch/mehlhorn/62079/run.gpot11.tmp’: Operation not supported
cp: preserving permissions for ‘/local/scratch/mehlhorn/62079/run.gpot12.tmp’: Operation not supported
cp: preserving permissions for ‘/local/scratch/mehlhorn/62079/run.gpot13.tmp’: Operation not supported
cp: preserving permissions for ‘/local/scratch/mehlhorn/62079/run.gpot14.tmp’: Operation not supported
cp: preserving permissions for ‘/local/scratch/mehlhorn/62079/run.gpot15.tmp’: Operation not supported
cp: preserving permissions for ‘/local/scratch/mehlhorn/62079/run.gpot16.tmp’: Operation not supported
cp: preserving permissions for ‘/local/scratch/mehlhorn/62079/run.gpot17.tmp’: Operation not supported
cp: preserving permissions for ‘/local/scratch/mehlhorn/62079/run.gpot18.tmp’: Operation not supported
cp: preserving permissions for ‘/local/scratch/mehlhorn/62079/run.gpot19.tmp’: Operation not supported
cp: preserving permissions for ‘/local/scratch/mehlhorn/62079/run.gpot2.tmp’: Operation not supported
cp: preserving permissions for ‘/local/scratch/mehlhorn/62079/run.gpot20.tmp’: Operation not supported
cp: preserving permissions for ‘/local/scratch/mehlhorn/62079/run.gpot21.tmp’: Operation not supported
cp: preserving permissions for ‘/local/scratch/mehlhorn/62079/run.gpot22.tmp’: Operation not supported
cp: preserving permissions for ‘/local/scratch/mehlhorn/62079/run.gpot23.tmp’: Operation not supported
cp: preserving permissions for ‘/local/scratch/mehlhorn/62079/run.gpot3.tmp’: Operation not supported
cp: preserving permissions for ‘/local/scratch/mehlhorn/62079/run.gpot4.tmp’: Operation not supported
cp: preserving permissions for ‘/local/scratch/mehlhorn/62079/run.gpot5.tmp’: Operation not supported
cp: preserving permissions for ‘/local/scratch/mehlhorn/62079/run.gpot6.tmp’: Operation not supported
cp: preserving permissions for ‘/local/scratch/mehlhorn/62079/run.gpot7.tmp’: Operation not supported
cp: preserving permissions for ‘/local/scratch/mehlhorn/62079/run.gpot8.tmp’: Operation not supported
cp: preserving permissions for ‘/local/scratch/mehlhorn/62079/run.gpot9.tmp’: Operation not supported
cp: preserving permissions for ‘/local/scratch/mehlhorn/62079/run.grho0.tmp’: Operation not supported
cp: preserving permissions for ‘/local/scratch/mehlhorn/62079/run.grho1.tmp’: Operation not supported
cp: preserving permissions for ‘/local/scratch/mehlhorn/62079/run.grho10.tmp’: Operation not supported
cp: preserving permissions for ‘/local/scratch/mehlhorn/62079/run.grho11.tmp’: Operation not supported
cp: preserving permissions for ‘/local/scratch/mehlhorn/62079/run.grho12.tmp’: Operation not supported
cp: preserving permissions for ‘/local/scratch/mehlhorn/62079/run.grho13.tmp’: Operation not supported
cp: preserving permissions for ‘/local/scratch/mehlhorn/62079/run.grho14.tmp’: Operation not supported
cp: preserving permissions for ‘/local/scratch/mehlhorn/62079/run.grho15.tmp’: Operation not supported
cp: preserving permissions for ‘/local/scratch/mehlhorn/62079/run.grho16.tmp’: Operation not supported
cp: preserving permissions for ‘/local/scratch/mehlhorn/62079/run.grho17.tmp’: Operation not supported
cp: preserving permissions for ‘/local/scratch/mehlhorn/62079/run.grho18.tmp’: Operation not supported
cp: preserving permissions for ‘/local/scratch/mehlhorn/62079/run.grho19.tmp’: Operation not supported
cp: preserving permissions for ‘/local/scratch/mehlhorn/62079/run.grho2.tmp’: Operation not supported
cp: preserving permissions for ‘/local/scratch/mehlhorn/62079/run.grho20.tmp’: Operation not supported
cp: preserving permissions for ‘/local/scratch/mehlhorn/62079/run.grho21.tmp’: Operation not supported
cp: preserving permissions for ‘/local/scratch/mehlhorn/62079/run.grho22.tmp’: Operation not supported
cp: preserving permissions for ‘/local/scratch/mehlhorn/62079/run.grho23.tmp’: Operation not supported
cp: preserving permissions for ‘/local/scratch/mehlhorn/62079/run.grho3.tmp’: Operation not supported
cp: preserving permissions for ‘/local/scratch/mehlhorn/62079/run.grho4.tmp’: Operation not supported
cp: preserving permissions for ‘/local/scratch/mehlhorn/62079/run.grho5.tmp’: Operation not supported
cp: preserving permissions for ‘/local/scratch/mehlhorn/62079/run.grho6.tmp’: Operation not supported
cp: preserving permissions for ‘/local/scratch/mehlhorn/62079/run.grho7.tmp’: Operation not supported
cp: preserving permissions for ‘/local/scratch/mehlhorn/62079/run.grho8.tmp’: Operation not supported
cp: preserving permissions for ‘/local/scratch/mehlhorn/62079/run.grho9.tmp’: Operation not supported
cp: preserving permissions for ‘/local/scratch/mehlhorn/62079/run.grho_cpscf0.tmp’: Operation not supported
cp: preserving permissions for ‘/local/scratch/mehlhorn/62079/run.grho_cpscf1.tmp’: Operation not supported
cp: preserving permissions for ‘/local/scratch/mehlhorn/62079/run.grho_cpscf10.tmp’: Operation not supported
cp: preserving permissions for ‘/local/scratch/mehlhorn/62079/run.grho_cpscf11.tmp’: Operation not supported
cp: preserving permissions for ‘/local/scratch/mehlhorn/62079/run.grho_cpscf12.tmp’: Operation not supported
cp: preserving permissions for ‘/local/scratch/mehlhorn/62079/run.grho_cpscf13.tmp’: Operation not supported
cp: preserving permissions for ‘/local/scratch/mehlhorn/62079/run.grho_cpscf14.tmp’: Operation not supported
cp: preserving permissions for ‘/local/scratch/mehlhorn/62079/run.grho_cpscf15.tmp’: Operation not supported
cp: preserving permissions for ‘/local/scratch/mehlhorn/62079/run.grho_cpscf16.tmp’: Operation not supported
cp: preserving permissions for ‘/local/scratch/mehlhorn/62079/run.grho_cpscf17.tmp’: Operation not supported
cp: preserving permissions for ‘/local/scratch/mehlhorn/62079/run.grho_cpscf18.tmp’: Operation not supported
cp: preserving permissions for ‘/local/scratch/mehlhorn/62079/run.grho_cpscf19.tmp’: Operation not supported
cp: preserving permissions for ‘/local/scratch/mehlhorn/62079/run.grho_cpscf2.tmp’: Operation not supported
cp: preserving permissions for ‘/local/scratch/mehlhorn/62079/run.grho_cpscf20.tmp’: Operation not supported
cp: preserving permissions for ‘/local/scratch/mehlhorn/62079/run.grho_cpscf21.tmp’: Operation not supported
cp: preserving permissions for ‘/local/scratch/mehlhorn/62079/run.grho_cpscf22.tmp’: Operation not supported
cp: preserving permissions for ‘/local/scratch/mehlhorn/62079/run.grho_cpscf23.tmp’: Operation not supported
cp: preserving permissions for ‘/local/scratch/mehlhorn/62079/run.grho_cpscf3.tmp’: Operation not supported
cp: preserving permissions for ‘/local/scratch/mehlhorn/62079/run.grho_cpscf4.tmp’: Operation not supported
cp: preserving permissions for ‘/local/scratch/mehlhorn/62079/run.grho_cpscf5.tmp’: Operation not supported
cp: preserving permissions for ‘/local/scratch/mehlhorn/62079/run.grho_cpscf6.tmp’: Operation not supported
cp: preserving permissions for ‘/local/scratch/mehlhorn/62079/run.grho_cpscf7.tmp’: Operation not supported
cp: preserving permissions for ‘/local/scratch/mehlhorn/62079/run.grho_cpscf8.tmp’: Operation not supported
cp: preserving permissions for ‘/local/scratch/mehlhorn/62079/run.grho_cpscf9.tmp’: Operation not supported
cp: preserving permissions for ‘/local/scratch/mehlhorn/62079/run.grid.tmp’: Operation not supported
cp: preserving permissions for ‘/local/scratch/mehlhorn/62079/run.grid_cpscf.tmp’: Operation not supported
cp: preserving permissions for ‘/local/scratch/mehlhorn/62079/run.gridx1.tmp’: Operation not supported
cp: preserving permissions for ‘/local/scratch/mehlhorn/62079/run.gridx2.tmp’: Operation not supported
cp: preserving permissions for ‘/local/scratch/mehlhorn/62079/run.gridx3.tmp’: Operation not supported
cp: preserving permissions for ‘/local/scratch/mehlhorn/62079/run.gridx4.tmp’: Operation not supported
cp: preserving permissions for ‘/local/scratch/mehlhorn/62079/run.gridx_cpscf.tmp’: Operation not supported
cp: preserving permissions for ‘/local/scratch/mehlhorn/62079/run.hostnames’: Operation not supported
cp: preserving permissions for ‘/local/scratch/mehlhorn/62079/run.inp’: Operation not supported
cp: preserving permissions for ‘/local/scratch/mehlhorn/62079/run.int.tmp’: Operation not supported
cp: preserving permissions for ‘/local/scratch/mehlhorn/62079/run.mp2gvipa.tmp.proc0.0’: Operation not supported
cp: preserving permissions for ‘/local/scratch/mehlhorn/62079/run.mp2gvipa.tmp.proc1.0’: Operation not supported
cp: preserving permissions for ‘/local/scratch/mehlhorn/62079/run.mp2gvipa.tmp.proc10.0’: Operation not supported
cp: preserving permissions for ‘/local/scratch/mehlhorn/62079/run.mp2gvipa.tmp.proc11.0’: Operation not supported
cp: preserving permissions for ‘/local/scratch/mehlhorn/62079/run.mp2gvipa.tmp.proc12.0’: Operation not supported
cp: preserving permissions for ‘/local/scratch/mehlhorn/62079/run.mp2gvipa.tmp.proc13.0’: Operation not supported
cp: preserving permissions for ‘/local/scratch/mehlhorn/62079/run.mp2gvipa.tmp.proc14.0’: Operation not supported
cp: preserving permissions for ‘/local/scratch/mehlhorn/62079/run.mp2gvipa.tmp.proc15.0’: Operation not supported
cp: preserving permissions for ‘/local/scratch/mehlhorn/62079/run.mp2gvipa.tmp.proc16.0’: Operation not supported
cp: preserving permissions for ‘/local/scratch/mehlhorn/62079/run.mp2gvipa.tmp.proc17.0’: Operation not supported
cp: preserving permissions for ‘/local/scratch/mehlhorn/62079/run.mp2gvipa.tmp.proc18.0’: Operation not supported
cp: preserving permissions for ‘/local/scratch/mehlhorn/62079/run.mp2gvipa.tmp.proc19.0’: Operation not supported
cp: preserving permissions for ‘/local/scratch/mehlhorn/62079/run.mp2gvipa.tmp.proc2.0’: Operation not supported
cp: preserving permissions for ‘/local/scratch/mehlhorn/62079/run.mp2gvipa.tmp.proc20.0’: Operation not supported
cp: preserving permissions for ‘/local/scratch/mehlhorn/62079/run.mp2gvipa.tmp.proc21.0’: Operation not supported
cp: preserving permissions for ‘/local/scratch/mehlhorn/62079/run.mp2gvipa.tmp.proc22.0’: Operation not supported
cp: preserving permissions for ‘/local/scratch/mehlhorn/62079/run.mp2gvipa.tmp.proc23.0’: Operation not supported
cp: preserving permissions for ‘/local/scratch/mehlhorn/62079/run.mp2gvipa.tmp.proc3.0’: Operation not supported
cp: preserving permissions for ‘/local/scratch/mehlhorn/62079/run.mp2gvipa.tmp.proc4.0’: Operation not supported
cp: preserving permissions for ‘/local/scratch/mehlhorn/62079/run.mp2gvipa.tmp.proc5.0’: Operation not supported
cp: preserving permissions for ‘/local/scratch/mehlhorn/62079/run.mp2gvipa.tmp.proc6.0’: Operation not supported
cp: preserving permissions for ‘/local/scratch/mehlhorn/62079/run.mp2gvipa.tmp.proc7.0’: Operation not supported
cp: preserving permissions for ‘/local/scratch/mehlhorn/62079/run.mp2gvipa.tmp.proc8.0’: Operation not supported
cp: preserving permissions for ‘/local/scratch/mehlhorn/62079/run.mp2gvipa.tmp.proc9.0’: Operation not supported
cp: preserving permissions for ‘/local/scratch/mehlhorn/62079/run.mp2gvipa.tmp_LOG.tmp’: Operation not supported
cp: preserving permissions for ‘/local/scratch/mehlhorn/62079/run.mp2inp.tmp’: Operation not supported
cp: preserving permissions for ‘/local/scratch/mehlhorn/62079/run.opot0.tmp’: Operation not supported
cp: preserving permissions for ‘/local/scratch/mehlhorn/62079/run.opot1.tmp’: Operation not supported
cp: preserving permissions for ‘/local/scratch/mehlhorn/62079/run.opot10.tmp’: Operation not supported
cp: preserving permissions for ‘/local/scratch/mehlhorn/62079/run.opot11.tmp’: Operation not supported
cp: preserving permissions for ‘/local/scratch/mehlhorn/62079/run.opot12.tmp’: Operation not supported
cp: preserving permissions for ‘/local/scratch/mehlhorn/62079/run.opot13.tmp’: Operation not supported
cp: preserving permissions for ‘/local/scratch/mehlhorn/62079/run.opot14.tmp’: Operation not supported
cp: preserving permissions for ‘/local/scratch/mehlhorn/62079/run.opot15.tmp’: Operation not supported
cp: preserving permissions for ‘/local/scratch/mehlhorn/62079/run.opot16.tmp’: Operation not supported
cp: preserving permissions for ‘/local/scratch/mehlhorn/62079/run.opot17.tmp’: Operation not supported
cp: preserving permissions for ‘/local/scratch/mehlhorn/62079/run.opot18.tmp’: Operation not supported
cp: preserving permissions for ‘/local/scratch/mehlhorn/62079/run.opot19.tmp’: Operation not supported
cp: preserving permissions for ‘/local/scratch/mehlhorn/62079/run.opot2.tmp’: Operation not supported
cp: preserving permissions for ‘/local/scratch/mehlhorn/62079/run.opot20.tmp’: Operation not supported
cp: preserving permissions for ‘/local/scratch/mehlhorn/62079/run.opot21.tmp’: Operation not supported
cp: preserving permissions for ‘/local/scratch/mehlhorn/62079/run.opot22.tmp’: Operation not supported
cp: preserving permissions for ‘/local/scratch/mehlhorn/62079/run.opot23.tmp’: Operation not supported
cp: preserving permissions for ‘/local/scratch/mehlhorn/62079/run.opot3.tmp’: Operation not supported
cp: preserving permissions for ‘/local/scratch/mehlhorn/62079/run.opot4.tmp’: Operation not supported
cp: preserving permissions for ‘/local/scratch/mehlhorn/62079/run.opot5.tmp’: Operation not supported
cp: preserving permissions for ‘/local/scratch/mehlhorn/62079/run.opot6.tmp’: Operation not supported
cp: preserving permissions for ‘/local/scratch/mehlhorn/62079/run.opot7.tmp’: Operation not supported
cp: preserving permissions for ‘/local/scratch/mehlhorn/62079/run.opot8.tmp’: Operation not supported
cp: preserving permissions for ‘/local/scratch/mehlhorn/62079/run.opot9.tmp’: Operation not supported
cp: preserving permissions for ‘/local/scratch/mehlhorn/62079/run.opt’: Operation not supported
cp: preserving permissions for ‘/local/scratch/mehlhorn/62079/run.orho0.tmp’: Operation not supported
cp: preserving permissions for ‘/local/scratch/mehlhorn/62079/run.orho1.tmp’: Operation not supported
cp: preserving permissions for ‘/local/scratch/mehlhorn/62079/run.orho10.tmp’: Operation not supported
cp: preserving permissions for ‘/local/scratch/mehlhorn/62079/run.orho11.tmp’: Operation not supported
cp: preserving permissions for ‘/local/scratch/mehlhorn/62079/run.orho12.tmp’: Operation not supported
cp: preserving permissions for ‘/local/scratch/mehlhorn/62079/run.orho13.tmp’: Operation not supported
cp: preserving permissions for ‘/local/scratch/mehlhorn/62079/run.orho14.tmp’: Operation not supported
cp: preserving permissions for ‘/local/scratch/mehlhorn/62079/run.orho15.tmp’: Operation not supported
cp: preserving permissions for ‘/local/scratch/mehlhorn/62079/run.orho16.tmp’: Operation not supported
cp: preserving permissions for ‘/local/scratch/mehlhorn/62079/run.orho17.tmp’: Operation not supported
cp: preserving permissions for ‘/local/scratch/mehlhorn/62079/run.orho18.tmp’: Operation not supported
cp: preserving permissions for ‘/local/scratch/mehlhorn/62079/run.orho19.tmp’: Operation not supported
cp: preserving permissions for ‘/local/scratch/mehlhorn/62079/run.orho2.tmp’: Operation not supported
cp: preserving permissions for ‘/local/scratch/mehlhorn/62079/run.orho20.tmp’: Operation not supported
cp: preserving permissions for ‘/local/scratch/mehlhorn/62079/run.orho21.tmp’: Operation not supported
cp: preserving permissions for ‘/local/scratch/mehlhorn/62079/run.orho22.tmp’: Operation not supported
cp: preserving permissions for ‘/local/scratch/mehlhorn/62079/run.orho23.tmp’: Operation not supported
cp: preserving permissions for ‘/local/scratch/mehlhorn/62079/run.orho3.tmp’: Operation not supported
cp: preserving permissions for ‘/local/scratch/mehlhorn/62079/run.orho4.tmp’: Operation not supported
cp: preserving permissions for ‘/local/scratch/mehlhorn/62079/run.orho5.tmp’: Operation not supported
cp: preserving permissions for ‘/local/scratch/mehlhorn/62079/run.orho6.tmp’: Operation not supported
cp: preserving permissions for ‘/local/scratch/mehlhorn/62079/run.orho7.tmp’: Operation not supported
cp: preserving permissions for ‘/local/scratch/mehlhorn/62079/run.orho8.tmp’: Operation not supported
cp: preserving permissions for ‘/local/scratch/mehlhorn/62079/run.orho9.tmp’: Operation not supported
cp: preserving permissions for ‘/local/scratch/mehlhorn/62079/run.property.txt’: Operation not supported
cp: preserving permissions for ‘/local/scratch/mehlhorn/62079/run.propint.tmp.0’: Operation not supported
cp: preserving permissions for ‘/local/scratch/mehlhorn/62079/run.shark_grid.tmp’: Operation not supported
cp: preserving permissions for ‘/local/scratch/mehlhorn/62079/run.wmp2.tmp’: Operation not supported
cp: preserving permissions for ‘/local/scratch/mehlhorn/62079/run.xyz’: Operation not supported
cp: preserving permissions for ‘/local/scratch/mehlhorn/62079/slurm-62071.out’: Operation not supported
cp: preserving permissions for ‘/local/scratch/mehlhorn/62079/slurm-62072.out’: Operation not supported
cp: preserving permissions for ‘/local/scratch/mehlhorn/62079/slurm-62073.out’: Operation not supported
cp: preserving permissions for ‘/local/scratch/mehlhorn/62079/slurm-62074.out’: Operation not supported
cp: preserving permissions for ‘/local/scratch/mehlhorn/62079/slurm-62075.out’: Operation not supported
cp: preserving permissions for ‘/local/scratch/mehlhorn/62079/slurm-62076.out’: Operation not supported
cp: preserving permissions for ‘/local/scratch/mehlhorn/62079/slurm-62077.out’: Operation not supported
cp: preserving permissions for ‘/local/scratch/mehlhorn/62079/slurm-62078.out’: Operation not supported
