cp: preserving permissions for ‘/local/scratch/mehlhorn/62073/JOBLOG’: Operation not supported
cp: preserving permissions for ‘/local/scratch/mehlhorn/62073/orca.job’: Operation not supported
cp: preserving permissions for ‘/local/scratch/mehlhorn/62073/orca.out’: Operation not supported
cp: preserving permissions for ‘/local/scratch/mehlhorn/62073/orca_error.out’: Operation not supported
cp: preserving permissions for ‘/local/scratch/mehlhorn/62073/run.inp’: Operation not supported
cp: preserving permissions for ‘/local/scratch/mehlhorn/62073/slurm-62071.out’: Operation not supported
cp: preserving permissions for ‘/local/scratch/mehlhorn/62073/slurm-62072.out’: Operation not supported
