cp: preserving permissions for ‘/local/scratch/mehlhorn/62067/JOBLOG’: Operation not supported
cp: preserving permissions for ‘/local/scratch/mehlhorn/62067/orca.job’: Operation not supported
cp: preserving permissions for ‘/local/scratch/mehlhorn/62067/run.inp’: Operation not supported
